
> react-typescript-starter@0.1.0 test
> react-scripts test "--coverage"

PASS src/App.test.tsx
  ✓ renders the course name somewhere (43 ms)

----------------------|---------|----------|---------|---------|-------------------
File                  | % Stmts | % Branch | % Funcs | % Lines | Uncovered Line #s 
----------------------|---------|----------|---------|---------|-------------------
All files             |   53.84 |       75 |   33.33 |   53.84 |                   
 src                  |     100 |      100 |     100 |     100 |                   
  App.tsx             |     100 |      100 |     100 |     100 |                   
 src/Components       |      50 |       75 |      25 |      50 |                   
  Counter.tsx         |   42.85 |      100 |      20 |   42.85 | 14-23             
  FormButtonMaker.tsx |      60 |       50 |   33.33 |      60 | 15-25             
----------------------|---------|----------|---------|---------|-------------------
Test Suites: 1 passed, 1 total
Tests:       1 passed, 1 total
Snapshots:   0 total
Time:        1.665 s
Ran all test suites.
